
> mytime2cloud@0.1.0 dev
> next dev --turbopack -p 3001 -H 0.0.0.0

   ▲ Next.js 15.5.4 (Turbopack)
   - Local:        http://localhost:3001
   - Network:      http://0.0.0.0:3001
   - Environments: .env.local

 ✓ Starting...
 ✓ Ready in 1158ms
 ○ Compiling / ...
 ✓ Compiled / in 3.7s
 GET / 200 in 4596ms
 ○ Compiling /report ...
 ✓ Compiled /report in 926ms
 GET /report/?type=absent 200 in 1191ms
 ○ Compiling /visitor/dashboard ...
 ✓ Compiled /visitor/dashboard in 518ms
 GET /visitor/dashboard/ 200 in 694ms
 GET / 200 in 187ms
 ✓ Compiled /favicon.ico in 207ms
 GET /favicon.ico?favicon.b89991fd.ico 200 in 542ms
 ✓ Compiled /_not-found/page in 331ms
 GET /undefined/ 404 in 478ms
 ○ Compiling /visitor ...
 ✓ Compiled /visitor in 576ms
 GET /visitor/ 200 in 645ms
 GET / 200 in 96ms
 GET /undefined/ 404 in 112ms
 ✓ Compiled in 398ms
 GET /visitor/ 200 in 210ms
 ✓ Compiled in 386ms
 ✓ Compiled in 366ms
 GET / 200 in 89ms
 GET /undefined/ 404 in 106ms
 ✓ Compiled in 360ms
 GET /visitor/ 200 in 180ms
 GET /visitor/ 200 in 103ms
 ✓ Compiled in 400ms
 GET /visitor/ 200 in 438ms
 GET /favicon.ico?favicon.b89991fd.ico 200 in 315ms
 GET / 200 in 80ms
 GET /undefined/ 404 in 102ms
 GET /visitor/ 200 in 77ms
 ○ Compiling /visitor/reception ...
 ✓ Compiled /visitor/reception in 1611ms
 GET /visitor/reception/ 200 in 1700ms
 GET /visitor/reception/ 200 in 119ms
 GET /favicon.ico?favicon.b89991fd.ico 200 in 283ms
 GET /visitor/ 200 in 80ms
 ✓ Compiled in 387ms
 ✓ Compiled in 480ms
 ✓ Compiled in 400ms
 ✓ Compiled in 429ms
 ✓ Compiled in 370ms
 ✓ Compiled in 352ms
 ✓ Compiled in 362ms
 ✓ Compiled in 358ms
 GET /report/ 200 in 96ms
 GET /report/ 200 in 72ms
 GET /visitor/dashboard/ 200 in 165ms
 GET /visitor/ 200 in 137ms
 ✓ Compiled in 422ms
 ✓ Compiled in 389ms
 ○ Compiling /setup ...
 ✓ Compiled /setup in 1136ms
 GET /setup/ 200 in 1213ms
 GET /setup/ 200 in 106ms
 GET /setup/ 200 in 75ms
 ✓ Compiled /automation in 386ms
 GET /automation/ 200 in 453ms
 ✓ Compiled in 350ms
 ✓ Compiled in 356ms
 ✓ Compiled in 432ms
 ✓ Compiled in 386ms
 ✓ Compiled in 417ms
 ✓ Compiled in 346ms
 ✓ Compiled in 344ms
 ✓ Compiled in 339ms
 ✓ Compiled in 350ms
 GET /report/ 200 in 95ms
 ✓ Compiled in 357ms
 ✓ Compiled in 355ms
 ✓ Compiled in 364ms
 ○ Compiling /_error ...
 ✓ Compiled /_error in 3.7s
[?25h
